// Jest Snapshot v1, https://goo.gl/fbAQLP

exports[`Test TodoApp Should render 1`] = `
<Fragment>
  <form
    onSubmit={[Function]}
  >
    <input
      autoComplete="off"
      className="form-control rounded"
      name="description"
      onChange={[Function]}
      type="text"
      value=""
    />
  </form>
</Fragment>
`;
