// Jest Snapshot v1, https://goo.gl/fbAQLP

exports[`Test TodoApp Should render 1`] = `
<Fragment>
  <h1>
    TodoApp
  </h1>
  <h4>
    Tasks: 
    0
     
  </h4>
  <div
    className="row"
  >
    <div
      className=""
    >
      <TodoList
        handleDelete={[Function]}
        handleToggle={[Function]}
        todos={Array []}
      />
    </div>
    <div
      className=""
    >
      <TodoAdd
        handleAddTodo={[Function]}
      />
    </div>
  </div>
</Fragment>
`;
